// Jest Snapshot v1, https://goo.gl/fbAQLP

exports[`<ScrollTop /> should render successfully 1`] = `
<header
  class="pointer-events-none fixed inset-0 5-50 h-full main-h-screen w-full"
>
  <button
    aria-label="voltar ao topo"
    class="pointer-events-auto absolute bottom-8 right-8 flex items-center justify-center h-12 w-12 rounded-full bg-primary/70 transition-colors duration-200 text-white hover:bg-primary [&>svg]:transition-translate [&>svg]:duration-200 [&>svg]:hover:-translate-y-0.5"
    title="voltar ao topo"
  >
    <svg
      class="lucide lucide-arrow-up"
      data-testid="ArrowUp"
      fill="none"
      height="24"
      stroke="currentColor"
      stroke-linecap="round"
      stroke-linejoin="round"
      stroke-width="2"
      viewBox="0 0 24 24"
      width="24"
      xmlns="http://www.w3.org/2000/svg"
    >
      <path
        d="m5 12 7-7 7 7"
      />
      <path
        d="M12 19V5"
      />
    </svg>
  </button>
</header>
`;
