// Jest Snapshot v1, https://goo.gl/fbAQLP

exports[`<Post /> should render successfully 1`] = `
<div>
  <article
    class="flex flex-col gap-5"
  >
    <a
      class="relative h-80 w-full rounded-lg overflow-hidden"
      href="/posts/post-3"
    >
      <img
        alt="Post title"
        class="object-cover object-center transition-all hover:scale-105"
        data-nimg="fill"
        decoding="async"
        fetchpriority="high"
        sizes="100vw"
        src="/_next/image?url=%2Fassets%2Fimages%2Fimage.png&w=3840&q=75"
        srcset="/_next/image?url=%2Fassets%2Fimages%2Fimage.png&w=640&q=75 640w, /_next/image?url=%2Fassets%2Fimages%2Fimage.png&w=750&q=75 750w, /_next/image?url=%2Fassets%2Fimages%2Fimage.png&w=828&q=75 828w, /_next/image?url=%2Fassets%2Fimages%2Fimage.png&w=1080&q=75 1080w, /_next/image?url=%2Fassets%2Fimages%2Fimage.png&w=1200&q=75 1200w, /_next/image?url=%2Fassets%2Fimages%2Fimage.png&w=1920&q=75 1920w, /_next/image?url=%2Fassets%2Fimages%2Fimage.png&w=2048&q=75 2048w, /_next/image?url=%2Fassets%2Fimages%2Fimage.png&w=3840&q=75 3840w"
        style="position: absolute; height: 100%; width: 100%; left: 0px; top: 0px; right: 0px; bottom: 0px; color: transparent;"
      />
    </a>
    <div
      class="flex flex-col"
    >
      <ul
        aria-label="tags"
        class="mb-4 flex flex-wrap gap-2"
      >
        <li>
          <span
            class="flex flex-col rounded-full px-2 py-0.5 text-sm font-medium cursor-default transition-all h-fit bg-gray-300 text-gray-700"
            variant="default"
          >
            react
          </span>
        </li>
        <li>
          <span
            class="flex flex-col rounded-full px-2 py-0.5 text-sm font-medium cursor-default transition-all h-fit bg-gray-300 text-gray-700"
            variant="default"
          >
            typescript
          </span>
        </li>
      </ul>
      <div
        class="text-sm text-gray-400 mb-2"
      >
        4 de abril de 2025
         â€¢ 
        3
         minuto
        s
         de leitura
      </div>
      <a
        class="cursor-pointer [&>h3]:hover:text-link [&>p]:hover:text-white"
        href="/posts/post-3"
      >
        <h3
          class="mt-2 max-w-md text-ellipsis text-2xl font-medium text-gray-50 transition-colors"
        >
          Post title
        </h3>
        <p
          class="mt-3 text-gray-400"
        >
          Description
        </p>
      </a>
    </div>
  </article>
</div>
`;
