// Jest Snapshot v1, https://goo.gl/fbAQLP

exports[`<Footer /> should render successfully 1`] = `
<div
  class="mx-auto w-full max-w-6xl px-6 lg:max-w-6xl"
>
  <footer
    class="flex flex-col py-8 border-t border-gray-700"
  >
    <div
      class="flex w-full justify-between pb-10"
    >
      <section
        class="flex max-w-[12rem] flex-col gap-6 md:max-w-[36rem]"
        role="contentinfo"
      >
        <a
          class=""
          href="/"
        >
          <img
            alt="Logo"
            data-nimg="1"
            data-testid="logo"
            decoding="async"
            height="21"
            loading="lazy"
            src="/assets/images/logo.svg"
            style="color: transparent;"
            width="28"
          />
        </a>
        <p>
          Frontend developer and Interface designer
        </p>
      </section>
      <section
        class="md:max-w-[36rem] flex max-w-[8rem] flex-col gap-6 sm:max-w-lg"
        role="contentinfo"
      >
        <h5
          class="font-semibold"
        >
          Social
        </h5>
        <ul
          class="flex gap-3 flex-col"
        >
          <li
            class="flex gap-2 font-light text-medium relative [&>a]:hover:text-link [&>a]:transition-colors [&>a]:duration-200 [&>svg]:hover:text-link"
          >
            <a
              class="flex justify-center gap-3"
              href="http://github.com"
            >
              <span
                class="flex w-6"
              >
                <svg
                  class="lucide lucide-github"
                  data-testid="Github"
                  fill="none"
                  height="24"
                  stroke="currentColor"
                  stroke-linecap="round"
                  stroke-linejoin="round"
                  stroke-width="2"
                  viewBox="0 0 24 24"
                  width="24"
                  xmlns="http://www.w3.org/2000/svg"
                >
                  <path
                    d="M15 22v-4a4.8 4.8 0 0 0-1-3.5c3 0 6-2 6-5.5.08-1.25-.27-2.48-1-3.5.28-1.15.28-2.35 0-3.5 0 0-1 0-3 1.5-2.64-.5-5.36-.5-8 0C6 2 5 2 5 2c-.3 1.15-.3 2.35 0 3.5A5.403 5.403 0 0 0 4 9c0 3.5 3 5.5 6 5.5-.39.49-.68 1.05-.85 1.65-.17.6-.22 1.23-.15 1.85v4"
                  />
                  <path
                    d="M9 18c-4.51 2-5-2-7-2"
                  />
                </svg>
              </span>
              Github
            </a>
          </li>
          <li
            class="flex gap-2 font-light text-medium relative [&>a]:hover:text-link [&>a]:transition-colors [&>a]:duration-200 [&>svg]:hover:text-link"
          >
            <a
              class="flex justify-center gap-3"
              href="http://linkedin.com"
            >
              <span
                class="flex w-6"
              >
                <svg
                  class="lucide lucide-linkedin"
                  data-testid="Linkedin"
                  fill="none"
                  height="24"
                  stroke="currentColor"
                  stroke-linecap="round"
                  stroke-linejoin="round"
                  stroke-width="2"
                  viewBox="0 0 24 24"
                  width="24"
                  xmlns="http://www.w3.org/2000/svg"
                >
                  <path
                    d="M16 8a6 6 0 0 1 6 6v7h-4v-7a2 2 0 0 0-2-2 2 2 0 0 0-2 2v7h-4v-7a6 6 0 0 1 6-6z"
                  />
                  <rect
                    height="12"
                    width="4"
                    x="2"
                    y="9"
                  />
                  <circle
                    cx="4"
                    cy="4"
                    r="2"
                  />
                </svg>
              </span>
              LinkedIn
            </a>
          </li>
        </ul>
      </section>
      <section
        class="md:max-w-[36rem] flex max-w-[8rem] flex-col gap-6 sm:max-w-lg"
        role="contentinfo"
      >
        <h5
          class="font-semibold"
        >
          Sitemap
        </h5>
        <ul
          class="flex gap-3 flex-col"
        >
          <li
            class="flex gap-2 font-light text-medium relative [&>a]:hover:text-link [&>a]:transition-colors [&>a]:duration-200 [&>svg]:hover:text-link"
          >
            <a
              class="flex justify-center gap-3"
              href="/"
            >
              Home
            </a>
          </li>
          <li
            class="flex gap-2 font-light text-medium relative [&>a]:hover:text-link [&>a]:transition-colors [&>a]:duration-200 [&>svg]:hover:text-link"
          >
            <a
              class="flex justify-center gap-3"
              href="/about"
            >
              About
            </a>
          </li>
          <li
            class="flex gap-2 font-light text-medium relative [&>a]:hover:text-link [&>a]:transition-colors [&>a]:duration-200 [&>svg]:hover:text-link"
          >
            <a
              class="flex justify-center gap-3"
              href="/contact"
            >
              Contact
            </a>
          </li>
        </ul>
      </section>
    </div>
    <div
      class="mt-3 flex w-full items-center justify-center text-gray-500"
    >
      <p>
        Todos os direitos reseverdos Â© Karine Pereira 
        2025
      </p>
    </div>
  </footer>
</div>
`;
