// Jest Snapshot v1, https://goo.gl/fbAQLP

exports[`<Grid /> should render successfully 1`] = `
<div>
  <div
    class="grid w-full grid-cols-1 gap-8  sm:grid-cols-2 sm:gap-6  lg:grid-cols-3 lg:gap-8  "
    data-testid="grid"
  >
    <div>
      grid
    </div>
    <div>
      grid
    </div>
    <div>
      grid
    </div>
    <div>
      grid
    </div>
    <div>
      grid
    </div>
    <div>
      grid
    </div>
    <div>
      grid
    </div>
    <div>
      grid
    </div>
    <div>
      grid
    </div>
  </div>
</div>
`;
