// Jest Snapshot v1, https://goo.gl/fbAQLP

exports[`<Pagination /> should render successfully 1`] = `
<div>
  <div
    class="flex w-full items-center justify-between py-7"
    data-testid="pagination"
  >
    <button
      class="flex items-center gap-1 text-white font-medium h-[40px] rounded-md w-fit transition-colors duration-200 group disabled:text-zinc-600 disabled:cursor-default disabled:border-zinc-600 bg-transparent px-0 hover:text-link disabled:pointer-events-none group"
      disabled=""
      variant="ghost"
    >
      <div
        class="duration-200' shrink-0 transition-transform duration-200' group-hover:-translate-x-0.5"
      >
        <svg
          class="lucide lucide-arrow-left"
          data-testid="ArrowLeft"
          fill="none"
          height="24"
          stroke="currentColor"
          stroke-linecap="round"
          stroke-linejoin="round"
          stroke-width="2"
          viewBox="0 0 24 24"
          width="24"
          xmlns="http://www.w3.org/2000/svg"
        >
          <path
            d="m12 19-7-7 7-7"
          />
          <path
            d="M19 12H5"
          />
        </svg>
      </div>
      Previous
    </button>
    <span
      class=""
    >
      1
       de 
      10
    </span>
    <button
      class="flex items-center gap-1 text-white font-medium h-[40px] rounded-md w-fit transition-colors duration-200 group disabled:text-zinc-600 disabled:cursor-default disabled:border-zinc-600 bg-transparent px-0 hover:text-link disabled:pointer-events-none group"
      variant="ghost"
    >
      Next
      <div
        class="duration-200' shrink-0 transition-transform duration-200' group-hover:translate-x-0.5"
      >
        <svg
          class="lucide lucide-arrow-right"
          data-testid="ArrowRight"
          fill="none"
          height="24"
          stroke="currentColor"
          stroke-linecap="round"
          stroke-linejoin="round"
          stroke-width="2"
          viewBox="0 0 24 24"
          width="24"
          xmlns="http://www.w3.org/2000/svg"
        >
          <path
            d="M5 12h14"
          />
          <path
            d="m12 5 7 7-7 7"
          />
        </svg>
      </div>
    </button>
  </div>
</div>
`;
