// Jest Snapshot v1, https://goo.gl/fbAQLP

exports[`<Link /> should render successfully 1`] = `
<a
  class="group text-link transition-all duration-300 ease-in-out"
>
  <span
    class="bg-gradient-to-r from-link to-link bg-[length:0%_1px] bg-left-bottom bg-no-repeat transition-all duration-400 ease-out group-hover:bg-[length:100%_1px]"
  >
    My link
  </span>
</a>
`;
