// Jest Snapshot v1, https://goo.gl/fbAQLP

exports[`Logo should render successfully 1`] = `
<div>
  <a
    class=""
    href="/"
  >
    <img
      alt="Logo"
      data-nimg="1"
      decoding="async"
      height="21"
      loading="lazy"
      src="/assets/images/logo.svg"
      style="color: transparent;"
      width="28"
    />
  </a>
</div>
`;
